// Game: Wolf:ET test map for TC:Legacy physics overlay
// Minimal sealed room with a physics-enabled brush entity and a DM start.

Version 2
// entity 0: worldspawn
{
"classname" "worldspawn"
"_color" "1 1 1"
"ambient" "10"
// brush 0: big caulk room (1024x1024x256)
brushDef3
{
 ( -512 -512 0 ) (  512 -512 0 ) (  512  512 0 ) textures/common/caulk 0 0 0 1 1
 ( -512 -512 256 ) ( 512  512 256 ) ( 512 -512 256 ) textures/common/caulk 0 0 0 1 1
 ( -512 -512 0 ) ( -512  512 0 ) ( -512  512 256 ) textures/common/caulk 0 0 0 1 1
 (  512 -512 0 ) (  512  512 256 ) ( 512  -512 256 ) textures/common/caulk 0 0 0 1 1
 ( -512 -512 0 ) (  512 -512 256 ) (  512 -512 0 ) textures/common/caulk 0 0 0 1 1
 ( -512  512 0 ) (  512  512 0 ) (  512  512 256 ) textures/common/caulk 0 0 0 1 1
}
}

// entity 1: a small func_static brush to act as a physics object placeholder
{
"classname" "func_static"
"physics" "1"
"physics_shader" "physics/crate1.phys"
brushDef3
{
 ( -16 -16 64 ) (  16 -16 64 ) (  16  16 64 ) textures/common/caulk 0 0 0 1 1
 ( -16 -16 96 ) (  16  16 96 ) (  16 -16 96 ) textures/common/caulk 0 0 0 1 1
 ( -16 -16 64 ) ( -16  16 64 ) ( -16  16 96 ) textures/common/caulk 0 0 0 1 1
 (  16 -16 64 ) (  16  16 96 ) (  16 -16 96 ) textures/common/caulk 0 0 0 1 1
 ( -16 -16 64 ) (  16 -16 96 ) (  16 -16 64 ) textures/common/caulk 0 0 0 1 1
 ( -16  16 64 ) (  16  16 64 ) (  16  16 96 ) textures/common/caulk 0 0 0 1 1
}
}

// entity 2: player start
{
"classname" "info_player_deathmatch"
"origin" "0 0 64"
"angle" "0"
}

// entity 3: a light so it’s not pitch black
{
"classname" "light"
"origin" "0 0 192"
"light" "300"
}
